[2026-09-26T17:57:16.791+0000] {manager.py:470} INFO - Processing files using up to 1 processes at a time 
[2026-09-26T17:57:16.791+0000] {manager.py:471} INFO - Process each file at most once every 30 seconds
[2026-09-26T17:57:16.791+0000] {manager.py:472} INFO - Checking for new files in /opt/airflow/dags every 300 seconds
[2026-09-26T17:57:16.792+0000] {manager.py:737} INFO - Searching for files in /opt/airflow/dags
[2026-09-26T17:57:16.793+0000] {manager.py:740} INFO - There are 1 files in /opt/airflow/dags
[2026-09-26T17:57:18.364+0000] {manager.py:878} INFO - 
================================================================================
DAG File Processing Stats

File Path                              PID    Runtime      # DAGs    # Errors  Last Runtime    Last Run
-------------------------------------  -----  ---------  --------  ----------  --------------  -------------------
/opt/airflow/dags/data_quality_dag.py                           1           0  1.51s           2026-09-26T17:57:18
================================================================================
[2026-09-26T17:57:51.566+0000] {manager.py:878} INFO - 
================================================================================
DAG File Processing Stats

File Path                              PID    Runtime      # DAGs    # Errors  Last Runtime    Last Run
-------------------------------------  -----  ---------  --------  ----------  --------------  -------------------
/opt/airflow/dags/data_quality_dag.py                           1           0  0.51s           2026-09-26T17:57:51
================================================================================
[2026-09-26T18:05:30.868+0000] {manager.py:470} INFO - Processing files using up to 2 processes at a time 
[2026-09-26T18:05:30.904+0000] {manager.py:471} INFO - Process each file at most once every 30 seconds
[2026-09-26T18:05:30.905+0000] {manager.py:472} INFO - Checking for new files in /opt/airflow/dags every 300 seconds
[2026-09-26T18:05:30.905+0000] {manager.py:737} INFO - Searching for files in /opt/airflow/dags
[2026-09-26T18:05:30.980+0000] {manager.py:740} INFO - There are 1 files in /opt/airflow/dags
[2026-09-26T18:05:31.073+0000] {manager.py:878} INFO - 
================================================================================
DAG File Processing Stats

File Path                                PID  Runtime      # DAGs    # Errors  Last Runtime    Last Run
-------------------------------------  -----  ---------  --------  ----------  --------------  ----------
/opt/airflow/dags/data_quality_dag.py    180  0.04s             0           0
================================================================================
[2026-09-26T18:06:01.118+0000] {manager.py:878} INFO - 
================================================================================
DAG File Processing Stats

File Path                              PID    Runtime      # DAGs    # Errors  Last Runtime    Last Run
-------------------------------------  -----  ---------  --------  ----------  --------------  -------------------
/opt/airflow/dags/data_quality_dag.py                           1           0  2.94s           2026-09-26T18:05:33
================================================================================
[2026-09-26T18:06:31.339+0000] {manager.py:878} INFO - 
================================================================================
DAG File Processing Stats

File Path                              PID    Runtime      # DAGs    # Errors  Last Runtime    Last Run
-------------------------------------  -----  ---------  --------  ----------  --------------  -------------------
/opt/airflow/dags/data_quality_dag.py                           1           0  0.65s           2026-09-26T18:06:04
================================================================================
[2026-09-26T18:07:01.493+0000] {manager.py:878} INFO - 
================================================================================
DAG File Processing Stats

File Path                              PID    Runtime      # DAGs    # Errors  Last Runtime    Last Run
-------------------------------------  -----  ---------  --------  ----------  --------------  -------------------
/opt/airflow/dags/data_quality_dag.py                           1           0  0.83s           2026-09-26T18:06:35
================================================================================
[2026-09-26T18:07:31.644+0000] {manager.py:878} INFO - 
================================================================================
DAG File Processing Stats

File Path                              PID    Runtime      # DAGs    # Errors  Last Runtime    Last Run
-------------------------------------  -----  ---------  --------  ----------  --------------  -------------------
/opt/airflow/dags/data_quality_dag.py                           1           0  1.72s           2026-09-26T18:07:07
================================================================================
[2026-09-26T18:08:01.887+0000] {manager.py:878} INFO - 
================================================================================
DAG File Processing Stats

File Path                              PID    Runtime      # DAGs    # Errors  Last Runtime    Last Run
-------------------------------------  -----  ---------  --------  ----------  --------------  -------------------
/opt/airflow/dags/data_quality_dag.py                           1           0  0.64s           2026-09-26T18:07:38
================================================================================
[2026-09-26T18:08:32.602+0000] {manager.py:878} INFO - 
================================================================================
DAG File Processing Stats

File Path                              PID    Runtime      # DAGs    # Errors  Last Runtime    Last Run
-------------------------------------  -----  ---------  --------  ----------  --------------  -------------------
/opt/airflow/dags/data_quality_dag.py                           1           0  1.08s           2026-09-26T18:08:09
================================================================================
[2026-09-26T18:09:02.783+0000] {manager.py:878} INFO - 
================================================================================
DAG File Processing Stats

File Path                              PID    Runtime      # DAGs    # Errors  Last Runtime    Last Run
-------------------------------------  -----  ---------  --------  ----------  --------------  -------------------
/opt/airflow/dags/data_quality_dag.py                           1           0  0.52s           2026-09-26T18:08:40
================================================================================
[2026-09-26T18:09:32.941+0000] {manager.py:878} INFO - 
================================================================================
DAG File Processing Stats

File Path                              PID    Runtime      # DAGs    # Errors  Last Runtime    Last Run
-------------------------------------  -----  ---------  --------  ----------  --------------  -------------------
/opt/airflow/dags/data_quality_dag.py                           1           0  0.64s           2026-09-26T18:09:10
================================================================================
[2026-09-26T18:10:03.204+0000] {manager.py:878} INFO - 
================================================================================
DAG File Processing Stats

File Path                              PID    Runtime      # DAGs    # Errors  Last Runtime    Last Run
-------------------------------------  -----  ---------  --------  ----------  --------------  -------------------
/opt/airflow/dags/data_quality_dag.py                           1           0  0.49s           2026-09-26T18:09:41
================================================================================
[2026-09-26T18:10:31.234+0000] {manager.py:737} INFO - Searching for files in /opt/airflow/dags
[2026-09-26T18:10:31.237+0000] {manager.py:740} INFO - There are 1 files in /opt/airflow/dags
[2026-09-26T18:10:33.266+0000] {manager.py:878} INFO - 
================================================================================
DAG File Processing Stats

File Path                              PID    Runtime      # DAGs    # Errors  Last Runtime    Last Run
-------------------------------------  -----  ---------  --------  ----------  --------------  -------------------
/opt/airflow/dags/data_quality_dag.py                           1           0  0.53s           2026-09-26T18:10:12
================================================================================
[2026-09-26T18:11:03.882+0000] {manager.py:878} INFO - 
================================================================================
DAG File Processing Stats

File Path                              PID    Runtime      # DAGs    # Errors  Last Runtime    Last Run
-------------------------------------  -----  ---------  --------  ----------  --------------  -------------------
/opt/airflow/dags/data_quality_dag.py                           1           0  0.49s           2026-09-26T18:10:42
================================================================================
[2026-09-26T18:11:34.046+0000] {manager.py:878} INFO - 
================================================================================
DAG File Processing Stats

File Path                              PID    Runtime      # DAGs    # Errors  Last Runtime    Last Run
-------------------------------------  -----  ---------  --------  ----------  --------------  -------------------
/opt/airflow/dags/data_quality_dag.py                           1           0  0.81s           2026-09-26T18:11:13
================================================================================
[2026-09-26T18:12:04.189+0000] {manager.py:878} INFO - 
================================================================================
DAG File Processing Stats

File Path                              PID    Runtime      # DAGs    # Errors  Last Runtime    Last Run
-------------------------------------  -----  ---------  --------  ----------  --------------  -------------------
/opt/airflow/dags/data_quality_dag.py                           1           0  0.83s           2026-09-26T18:11:44
================================================================================
[2026-09-26T18:12:34.339+0000] {manager.py:878} INFO - 
================================================================================
DAG File Processing Stats

File Path                              PID    Runtime      # DAGs    # Errors  Last Runtime    Last Run
-------------------------------------  -----  ---------  --------  ----------  --------------  -------------------
/opt/airflow/dags/data_quality_dag.py                           1           0  0.76s           2026-09-26T18:12:15
================================================================================
[2026-09-26T18:13:04.496+0000] {manager.py:878} INFO - 
================================================================================
DAG File Processing Stats

File Path                              PID    Runtime      # DAGs    # Errors  Last Runtime    Last Run
-------------------------------------  -----  ---------  --------  ----------  --------------  -------------------
/opt/airflow/dags/data_quality_dag.py                           1           0  0.70s           2026-09-26T18:12:46
================================================================================
[2026-09-26T18:13:34.502+0000] {manager.py:878} INFO - 
================================================================================
DAG File Processing Stats

File Path                              PID    Runtime      # DAGs    # Errors  Last Runtime    Last Run
-------------------------------------  -----  ---------  --------  ----------  --------------  -------------------
/opt/airflow/dags/data_quality_dag.py                           1           0  0.85s           2026-09-26T18:13:17
================================================================================
[2026-09-26T18:14:04.857+0000] {manager.py:878} INFO - 
================================================================================
DAG File Processing Stats

File Path                              PID    Runtime      # DAGs    # Errors  Last Runtime    Last Run
-------------------------------------  -----  ---------  --------  ----------  --------------  -------------------
/opt/airflow/dags/data_quality_dag.py                           1           0  1.22s           2026-09-26T18:13:48
================================================================================
[2026-09-26T18:14:35.025+0000] {manager.py:878} INFO - 
================================================================================
DAG File Processing Stats

File Path                              PID    Runtime      # DAGs    # Errors  Last Runtime    Last Run
-------------------------------------  -----  ---------  --------  ----------  --------------  -------------------
/opt/airflow/dags/data_quality_dag.py                           1           0  0.63s           2026-09-26T18:14:19
================================================================================
[2026-09-26T18:15:05.179+0000] {manager.py:878} INFO - 
================================================================================
DAG File Processing Stats

File Path                              PID    Runtime      # DAGs    # Errors  Last Runtime    Last Run
-------------------------------------  -----  ---------  --------  ----------  --------------  -------------------
/opt/airflow/dags/data_quality_dag.py                           1           0  0.51s           2026-09-26T18:14:50
================================================================================
[2026-09-26T18:15:31.421+0000] {manager.py:737} INFO - Searching for files in /opt/airflow/dags
[2026-09-26T18:15:31.424+0000] {manager.py:740} INFO - There are 1 files in /opt/airflow/dags
[2026-09-26T18:15:35.459+0000] {manager.py:878} INFO - 
================================================================================
DAG File Processing Stats

File Path                              PID    Runtime      # DAGs    # Errors  Last Runtime    Last Run
-------------------------------------  -----  ---------  --------  ----------  --------------  -------------------
/opt/airflow/dags/data_quality_dag.py                           1           0  0.75s           2026-09-26T18:15:21
================================================================================
[2026-09-26T18:16:05.606+0000] {manager.py:878} INFO - 
================================================================================
DAG File Processing Stats

File Path                              PID    Runtime      # DAGs    # Errors  Last Runtime    Last Run
-------------------------------------  -----  ---------  --------  ----------  --------------  -------------------
/opt/airflow/dags/data_quality_dag.py                           1           0  0.46s           2026-09-26T18:15:51
================================================================================
[2026-09-26T18:16:35.831+0000] {manager.py:878} INFO - 
================================================================================
DAG File Processing Stats

File Path                              PID    Runtime      # DAGs    # Errors  Last Runtime    Last Run
-------------------------------------  -----  ---------  --------  ----------  --------------  -------------------
/opt/airflow/dags/data_quality_dag.py                           1           0  0.63s           2026-09-26T18:16:22
================================================================================
[2026-09-26T18:17:05.980+0000] {manager.py:878} INFO - 
================================================================================
DAG File Processing Stats

File Path                              PID    Runtime      # DAGs    # Errors  Last Runtime    Last Run
-------------------------------------  -----  ---------  --------  ----------  --------------  -------------------
/opt/airflow/dags/data_quality_dag.py                           1           0  1.53s           2026-09-26T18:16:54
================================================================================
[2026-09-26T18:17:36.207+0000] {manager.py:878} INFO - 
================================================================================
DAG File Processing Stats

File Path                              PID    Runtime      # DAGs    # Errors  Last Runtime    Last Run
-------------------------------------  -----  ---------  --------  ----------  --------------  -------------------
/opt/airflow/dags/data_quality_dag.py                           1           0  0.48s           2026-09-26T18:17:24
================================================================================
[2026-09-26T18:18:06.313+0000] {manager.py:878} INFO - 
================================================================================
DAG File Processing Stats

File Path                              PID    Runtime      # DAGs    # Errors  Last Runtime    Last Run
-------------------------------------  -----  ---------  --------  ----------  --------------  -------------------
/opt/airflow/dags/data_quality_dag.py                           1           0  1.56s           2026-09-26T18:17:56
================================================================================
[2026-09-26T18:18:36.931+0000] {manager.py:878} INFO - 
================================================================================
DAG File Processing Stats

File Path                              PID    Runtime      # DAGs    # Errors  Last Runtime    Last Run
-------------------------------------  -----  ---------  --------  ----------  --------------  -------------------
/opt/airflow/dags/data_quality_dag.py                           1           0  0.52s           2026-09-26T18:18:26
================================================================================
[2026-09-26T18:19:07.110+0000] {manager.py:878} INFO - 
================================================================================
DAG File Processing Stats

File Path                              PID    Runtime      # DAGs    # Errors  Last Runtime    Last Run
-------------------------------------  -----  ---------  --------  ----------  --------------  -------------------
/opt/airflow/dags/data_quality_dag.py                           1           0  0.52s           2026-09-26T18:18:57
================================================================================
[2026-09-26T18:19:37.262+0000] {manager.py:878} INFO - 
================================================================================
DAG File Processing Stats

File Path                              PID    Runtime      # DAGs    # Errors  Last Runtime    Last Run
-------------------------------------  -----  ---------  --------  ----------  --------------  -------------------
/opt/airflow/dags/data_quality_dag.py                           1           0  0.54s           2026-09-26T18:19:28
================================================================================
[2026-09-26T18:20:07.430+0000] {manager.py:878} INFO - 
================================================================================
DAG File Processing Stats

File Path                              PID    Runtime      # DAGs    # Errors  Last Runtime    Last Run
-------------------------------------  -----  ---------  --------  ----------  --------------  -------------------
/opt/airflow/dags/data_quality_dag.py                           1           0  0.49s           2026-09-26T18:19:58
================================================================================
[2026-09-26T18:20:32.028+0000] {manager.py:737} INFO - Searching for files in /opt/airflow/dags
[2026-09-26T18:20:32.032+0000] {manager.py:740} INFO - There are 1 files in /opt/airflow/dags
[2026-09-26T18:20:38.080+0000] {manager.py:878} INFO - 
================================================================================
DAG File Processing Stats

File Path                              PID    Runtime      # DAGs    # Errors  Last Runtime    Last Run
-------------------------------------  -----  ---------  --------  ----------  --------------  -------------------
/opt/airflow/dags/data_quality_dag.py                           1           0  1.08s           2026-09-26T18:20:30
================================================================================
[2026-09-26T18:21:08.249+0000] {manager.py:878} INFO - 
================================================================================
DAG File Processing Stats

File Path                              PID    Runtime      # DAGs    # Errors  Last Runtime    Last Run
-------------------------------------  -----  ---------  --------  ----------  --------------  -------------------
/opt/airflow/dags/data_quality_dag.py                           1           0  0.69s           2026-09-26T18:21:00
================================================================================
[2026-09-26T18:21:38.402+0000] {manager.py:878} INFO - 
================================================================================
DAG File Processing Stats

File Path                              PID    Runtime      # DAGs    # Errors  Last Runtime    Last Run
-------------------------------------  -----  ---------  --------  ----------  --------------  -------------------
/opt/airflow/dags/data_quality_dag.py                           1           0  0.52s           2026-09-26T18:21:31
================================================================================
[2026-09-26T18:22:08.483+0000] {manager.py:878} INFO - 
================================================================================
DAG File Processing Stats

File Path                              PID    Runtime      # DAGs    # Errors  Last Runtime    Last Run
-------------------------------------  -----  ---------  --------  ----------  --------------  -------------------
/opt/airflow/dags/data_quality_dag.py                           1           0  0.74s           2026-09-26T18:22:02
================================================================================
[2026-09-26T18:22:38.892+0000] {manager.py:878} INFO - 
================================================================================
DAG File Processing Stats

File Path                              PID    Runtime      # DAGs    # Errors  Last Runtime    Last Run
-------------------------------------  -----  ---------  --------  ----------  --------------  -------------------
/opt/airflow/dags/data_quality_dag.py                           1           0  0.50s           2026-09-26T18:22:33
================================================================================
[2026-09-26T18:23:09.295+0000] {manager.py:878} INFO - 
================================================================================
DAG File Processing Stats

File Path                              PID    Runtime      # DAGs    # Errors  Last Runtime    Last Run
-------------------------------------  -----  ---------  --------  ----------  --------------  -------------------
/opt/airflow/dags/data_quality_dag.py                           1           0  0.47s           2026-09-26T18:23:03
================================================================================
[2026-09-26T18:23:39.402+0000] {manager.py:878} INFO - 
================================================================================
DAG File Processing Stats

File Path                              PID    Runtime      # DAGs    # Errors  Last Runtime    Last Run
-------------------------------------  -----  ---------  --------  ----------  --------------  -------------------
/opt/airflow/dags/data_quality_dag.py                           1           0  0.48s           2026-09-26T18:23:34
================================================================================
[2026-09-26T18:24:10.082+0000] {manager.py:878} INFO - 
================================================================================
DAG File Processing Stats

File Path                              PID    Runtime      # DAGs    # Errors  Last Runtime    Last Run
-------------------------------------  -----  ---------  --------  ----------  --------------  -------------------
/opt/airflow/dags/data_quality_dag.py                           1           0  0.63s           2026-09-26T18:24:05
================================================================================
[2026-09-26T18:24:40.324+0000] {manager.py:878} INFO - 
================================================================================
DAG File Processing Stats

File Path                              PID    Runtime      # DAGs    # Errors  Last Runtime    Last Run
-------------------------------------  -----  ---------  --------  ----------  --------------  -------------------
/opt/airflow/dags/data_quality_dag.py                           1           0  0.66s           2026-09-26T18:24:35
================================================================================
[2026-09-26T18:25:11.062+0000] {manager.py:878} INFO - 
================================================================================
DAG File Processing Stats

File Path                              PID    Runtime      # DAGs    # Errors  Last Runtime    Last Run
-------------------------------------  -----  ---------  --------  ----------  --------------  -------------------
/opt/airflow/dags/data_quality_dag.py                           1           0  1.08s           2026-09-26T18:25:07
================================================================================
[2026-09-26T18:25:32.170+0000] {manager.py:737} INFO - Searching for files in /opt/airflow/dags
[2026-09-26T18:25:32.173+0000] {manager.py:740} INFO - There are 1 files in /opt/airflow/dags
[2026-09-26T18:25:41.255+0000] {manager.py:878} INFO - 
================================================================================
DAG File Processing Stats

File Path                              PID    Runtime      # DAGs    # Errors  Last Runtime    Last Run
-------------------------------------  -----  ---------  --------  ----------  --------------  -------------------
/opt/airflow/dags/data_quality_dag.py                           1           0  0.59s           2026-09-26T18:25:37
================================================================================
[2026-09-26T18:26:11.398+0000] {manager.py:878} INFO - 
================================================================================
DAG File Processing Stats

File Path                              PID    Runtime      # DAGs    # Errors  Last Runtime    Last Run
-------------------------------------  -----  ---------  --------  ----------  --------------  -------------------
/opt/airflow/dags/data_quality_dag.py                           1           0  0.53s           2026-09-26T18:26:08
================================================================================
[2026-09-26T18:26:41.649+0000] {manager.py:878} INFO - 
================================================================================
DAG File Processing Stats

File Path                              PID    Runtime      # DAGs    # Errors  Last Runtime    Last Run
-------------------------------------  -----  ---------  --------  ----------  --------------  -------------------
/opt/airflow/dags/data_quality_dag.py                           1           0  0.68s           2026-09-26T18:26:39
================================================================================
[2026-09-26T18:27:11.798+0000] {manager.py:878} INFO - 
================================================================================
DAG File Processing Stats

File Path                              PID    Runtime      # DAGs    # Errors  Last Runtime    Last Run
-------------------------------------  -----  ---------  --------  ----------  --------------  -------------------
/opt/airflow/dags/data_quality_dag.py                           1           0  1.94s           2026-09-26T18:27:11
================================================================================
[2026-09-26T18:27:41.951+0000] {manager.py:878} INFO - 
================================================================================
DAG File Processing Stats

File Path                                PID  Runtime      # DAGs    # Errors  Last Runtime    Last Run
-------------------------------------  -----  ---------  --------  ----------  --------------  -------------------
/opt/airflow/dags/data_quality_dag.py    444  0.48s             1           0  1.94s           2026-09-26T18:27:11
================================================================================
[2026-09-26T18:28:12.032+0000] {manager.py:878} INFO - 
================================================================================
DAG File Processing Stats

File Path                              PID    Runtime      # DAGs    # Errors  Last Runtime    Last Run
-------------------------------------  -----  ---------  --------  ----------  --------------  -------------------
/opt/airflow/dags/data_quality_dag.py                           1           0  1.42s           2026-09-26T18:27:42
================================================================================
[2026-09-26T18:28:42.793+0000] {manager.py:878} INFO - 
================================================================================
DAG File Processing Stats

File Path                              PID    Runtime      # DAGs    # Errors  Last Runtime    Last Run
-------------------------------------  -----  ---------  --------  ----------  --------------  -------------------
/opt/airflow/dags/data_quality_dag.py                           1           0  0.76s           2026-09-26T18:28:13
================================================================================
[2026-09-26T18:29:13.076+0000] {manager.py:878} INFO - 
================================================================================
DAG File Processing Stats

File Path                              PID    Runtime      # DAGs    # Errors  Last Runtime    Last Run
-------------------------------------  -----  ---------  --------  ----------  --------------  -------------------
/opt/airflow/dags/data_quality_dag.py                           1           0  1.39s           2026-09-26T18:28:45
================================================================================
[2026-09-26T18:29:43.460+0000] {manager.py:878} INFO - 
================================================================================
DAG File Processing Stats

File Path                              PID    Runtime      # DAGs    # Errors  Last Runtime    Last Run
-------------------------------------  -----  ---------  --------  ----------  --------------  -------------------
/opt/airflow/dags/data_quality_dag.py                           1           0  1.53s           2026-09-26T18:29:16
================================================================================
[2026-09-26T18:30:13.623+0000] {manager.py:878} INFO - 
================================================================================
DAG File Processing Stats

File Path                              PID    Runtime      # DAGs    # Errors  Last Runtime    Last Run
-------------------------------------  -----  ---------  --------  ----------  --------------  -------------------
/opt/airflow/dags/data_quality_dag.py                           1           0  0.66s           2026-09-26T18:29:47
================================================================================
[2026-09-26T18:30:32.898+0000] {manager.py:737} INFO - Searching for files in /opt/airflow/dags
[2026-09-26T18:30:32.902+0000] {manager.py:740} INFO - There are 1 files in /opt/airflow/dags
[2026-09-26T18:30:43.977+0000] {manager.py:878} INFO - 
================================================================================
DAG File Processing Stats

File Path                              PID    Runtime      # DAGs    # Errors  Last Runtime    Last Run
-------------------------------------  -----  ---------  --------  ----------  --------------  -------------------
/opt/airflow/dags/data_quality_dag.py                           1           0  1.17s           2026-09-26T18:30:18
================================================================================
[2026-09-26T18:31:14.237+0000] {manager.py:878} INFO - 
================================================================================
DAG File Processing Stats

File Path                              PID    Runtime      # DAGs    # Errors  Last Runtime    Last Run
-------------------------------------  -----  ---------  --------  ----------  --------------  -------------------
/opt/airflow/dags/data_quality_dag.py                           1           0  1.79s           2026-09-26T18:30:50
================================================================================
[2026-09-26T18:31:44.399+0000] {manager.py:878} INFO - 
================================================================================
DAG File Processing Stats

File Path                              PID    Runtime      # DAGs    # Errors  Last Runtime    Last Run
-------------------------------------  -----  ---------  --------  ----------  --------------  -------------------
/opt/airflow/dags/data_quality_dag.py                           1           0  0.47s           2026-09-26T18:31:21
================================================================================
[2026-09-26T18:32:14.668+0000] {manager.py:878} INFO - 
================================================================================
DAG File Processing Stats

File Path                              PID    Runtime      # DAGs    # Errors  Last Runtime    Last Run
-------------------------------------  -----  ---------  --------  ----------  --------------  -------------------
/opt/airflow/dags/data_quality_dag.py                           1           0  0.50s           2026-09-26T18:31:51
================================================================================
[2026-09-26T18:32:44.713+0000] {manager.py:878} INFO - 
================================================================================
DAG File Processing Stats

File Path                              PID    Runtime      # DAGs    # Errors  Last Runtime    Last Run
-------------------------------------  -----  ---------  --------  ----------  --------------  -------------------
/opt/airflow/dags/data_quality_dag.py                           1           0  0.51s           2026-09-26T18:32:22
================================================================================
[2026-09-26T18:33:14.799+0000] {manager.py:878} INFO - 
================================================================================
DAG File Processing Stats

File Path                              PID    Runtime      # DAGs    # Errors  Last Runtime    Last Run
-------------------------------------  -----  ---------  --------  ----------  --------------  -------------------
/opt/airflow/dags/data_quality_dag.py                           1           0  0.93s           2026-09-26T18:32:53
================================================================================
[2026-09-26T18:33:45.520+0000] {manager.py:878} INFO - 
================================================================================
DAG File Processing Stats

File Path                              PID    Runtime      # DAGs    # Errors  Last Runtime    Last Run
-------------------------------------  -----  ---------  --------  ----------  --------------  -------------------
/opt/airflow/dags/data_quality_dag.py                           1           0  0.72s           2026-09-26T18:33:24
================================================================================
[2026-09-26T18:34:15.529+0000] {manager.py:878} INFO - 
================================================================================
DAG File Processing Stats

File Path                              PID    Runtime      # DAGs    # Errors  Last Runtime    Last Run
-------------------------------------  -----  ---------  --------  ----------  --------------  -------------------
/opt/airflow/dags/data_quality_dag.py                           1           0  0.86s           2026-09-26T18:33:55
================================================================================
[2026-09-26T18:34:45.935+0000] {manager.py:878} INFO - 
================================================================================
DAG File Processing Stats

File Path                              PID    Runtime      # DAGs    # Errors  Last Runtime    Last Run
-------------------------------------  -----  ---------  --------  ----------  --------------  -------------------
/opt/airflow/dags/data_quality_dag.py                           1           0  0.47s           2026-09-26T18:34:26
================================================================================
[2026-09-26T18:35:16.267+0000] {manager.py:878} INFO - 
================================================================================
DAG File Processing Stats

File Path                              PID    Runtime      # DAGs    # Errors  Last Runtime    Last Run
-------------------------------------  -----  ---------  --------  ----------  --------------  -------------------
/opt/airflow/dags/data_quality_dag.py                           1           0  0.51s           2026-09-26T18:34:56
================================================================================
[2026-09-26T18:35:33.369+0000] {manager.py:737} INFO - Searching for files in /opt/airflow/dags
[2026-09-26T18:35:33.372+0000] {manager.py:740} INFO - There are 1 files in /opt/airflow/dags
[2026-09-26T18:35:46.451+0000] {manager.py:878} INFO - 
================================================================================
DAG File Processing Stats

File Path                              PID    Runtime      # DAGs    # Errors  Last Runtime    Last Run
-------------------------------------  -----  ---------  --------  ----------  --------------  -------------------
/opt/airflow/dags/data_quality_dag.py                           1           0  0.50s           2026-09-26T18:35:27
================================================================================
[2026-09-26T18:36:16.622+0000] {manager.py:878} INFO - 
================================================================================
DAG File Processing Stats

File Path                              PID    Runtime      # DAGs    # Errors  Last Runtime    Last Run
-------------------------------------  -----  ---------  --------  ----------  --------------  -------------------
/opt/airflow/dags/data_quality_dag.py                           1           0  0.48s           2026-09-26T18:35:57
================================================================================
[2026-09-26T18:36:46.788+0000] {manager.py:878} INFO - 
================================================================================
DAG File Processing Stats

File Path                              PID    Runtime      # DAGs    # Errors  Last Runtime    Last Run
-------------------------------------  -----  ---------  --------  ----------  --------------  -------------------
/opt/airflow/dags/data_quality_dag.py                           1           0  0.67s           2026-09-26T18:36:28
================================================================================
[2026-09-26T18:37:17.025+0000] {manager.py:878} INFO - 
================================================================================
DAG File Processing Stats

File Path                              PID    Runtime      # DAGs    # Errors  Last Runtime    Last Run
-------------------------------------  -----  ---------  --------  ----------  --------------  -------------------
/opt/airflow/dags/data_quality_dag.py                           1           0  0.50s           2026-09-26T18:36:59
================================================================================
[2026-09-26T18:37:47.602+0000] {manager.py:878} INFO - 
================================================================================
DAG File Processing Stats

File Path                              PID    Runtime      # DAGs    # Errors  Last Runtime    Last Run
-------------------------------------  -----  ---------  --------  ----------  --------------  -------------------
/opt/airflow/dags/data_quality_dag.py                           1           0  0.44s           2026-09-26T18:37:29
================================================================================
[2026-09-26T18:38:17.640+0000] {manager.py:878} INFO - 
================================================================================
DAG File Processing Stats

File Path                              PID    Runtime      # DAGs    # Errors  Last Runtime    Last Run
-------------------------------------  -----  ---------  --------  ----------  --------------  -------------------
/opt/airflow/dags/data_quality_dag.py                           1           0  0.47s           2026-09-26T18:38:00
================================================================================
[2026-09-26T18:38:47.796+0000] {manager.py:878} INFO - 
================================================================================
DAG File Processing Stats

File Path                              PID    Runtime      # DAGs    # Errors  Last Runtime    Last Run
-------------------------------------  -----  ---------  --------  ----------  --------------  -------------------
/opt/airflow/dags/data_quality_dag.py                           1           0  0.48s           2026-09-26T18:38:31
================================================================================
[2026-09-26T18:39:17.952+0000] {manager.py:878} INFO - 
================================================================================
DAG File Processing Stats

File Path                              PID    Runtime      # DAGs    # Errors  Last Runtime    Last Run
-------------------------------------  -----  ---------  --------  ----------  --------------  -------------------
/opt/airflow/dags/data_quality_dag.py                           1           0  0.65s           2026-09-26T18:39:01
================================================================================
