[2026-09-26T17:57:16.865+0000] {processor.py:161} INFO - Started process (PID=95) to work on /opt/airflow/dags/data_quality_dag.py
[2026-09-26T17:57:16.865+0000] {processor.py:830} INFO - Processing file /opt/airflow/dags/data_quality_dag.py for tasks to queue
[2026-09-26T17:57:16.867+0000] {logging_mixin.py:188} INFO - [2026-09-26T17:57:16.867+0000] {dagbag.py:545} INFO - Filling up the DagBag from /opt/airflow/dags/data_quality_dag.py
[2026-09-26T17:57:17.232+0000] {processor.py:840} INFO - DAG(s) 'data_quality_checks' retrieved from /opt/airflow/dags/data_quality_dag.py
[2026-09-26T17:57:17.327+0000] {logging_mixin.py:188} INFO - [2026-09-26T17:57:17.327+0000] {dag.py:3089} INFO - Sync 1 DAGs
[2026-09-26T17:57:17.474+0000] {logging_mixin.py:188} INFO - [2026-09-26T17:57:17.474+0000] {dag.py:3947} INFO - Setting next_dagrun for data_quality_checks to None, run_after=None
[2026-09-26T17:57:18.272+0000] {processor.py:183} INFO - Processing /opt/airflow/dags/data_quality_dag.py took 1.413 seconds
[2026-09-26T17:57:51.073+0000] {processor.py:161} INFO - Started process (PID=109) to work on /opt/airflow/dags/data_quality_dag.py
[2026-09-26T17:57:51.078+0000] {processor.py:830} INFO - Processing file /opt/airflow/dags/data_quality_dag.py for tasks to queue
[2026-09-26T17:57:51.080+0000] {logging_mixin.py:188} INFO - [2026-09-26T17:57:51.079+0000] {dagbag.py:545} INFO - Filling up the DagBag from /opt/airflow/dags/data_quality_dag.py
[2026-09-26T17:57:51.432+0000] {processor.py:840} INFO - DAG(s) 'data_quality_checks' retrieved from /opt/airflow/dags/data_quality_dag.py
[2026-09-26T17:57:51.450+0000] {logging_mixin.py:188} INFO - [2026-09-26T17:57:51.449+0000] {dag.py:3089} INFO - Sync 1 DAGs
[2026-09-26T17:57:51.461+0000] {logging_mixin.py:188} INFO - [2026-09-26T17:57:51.461+0000] {dag.py:3947} INFO - Setting next_dagrun for data_quality_checks to None, run_after=None
[2026-09-26T17:57:51.542+0000] {processor.py:183} INFO - Processing /opt/airflow/dags/data_quality_dag.py took 0.476 seconds
[2026-09-26T18:05:31.056+0000] {processor.py:161} INFO - Started process (PID=180) to work on /opt/airflow/dags/data_quality_dag.py
[2026-09-26T18:05:31.072+0000] {processor.py:830} INFO - Processing file /opt/airflow/dags/data_quality_dag.py for tasks to queue
[2026-09-26T18:05:31.074+0000] {logging_mixin.py:188} INFO - [2026-09-26T18:05:31.074+0000] {dagbag.py:545} INFO - Filling up the DagBag from /opt/airflow/dags/data_quality_dag.py
[2026-09-26T18:05:32.486+0000] {processor.py:840} INFO - DAG(s) 'data_quality_checks' retrieved from /opt/airflow/dags/data_quality_dag.py
[2026-09-26T18:05:32.930+0000] {logging_mixin.py:188} INFO - [2026-09-26T18:05:32.777+0000] {override.py:1858} INFO - Created Permission View: can delete on DAG:data_quality_checks
[2026-09-26T18:05:33.388+0000] {logging_mixin.py:188} INFO - [2026-09-26T18:05:33.387+0000] {override.py:1858} INFO - Created Permission View: can read on DAG:data_quality_checks
[2026-09-26T18:05:33.627+0000] {logging_mixin.py:188} INFO - [2026-09-26T18:05:33.627+0000] {override.py:1858} INFO - Created Permission View: can edit on DAG:data_quality_checks
[2026-09-26T18:05:33.629+0000] {logging_mixin.py:188} INFO - [2026-09-26T18:05:33.628+0000] {dag.py:3089} INFO - Sync 1 DAGs
[2026-09-26T18:05:33.652+0000] {logging_mixin.py:188} INFO - [2026-09-26T18:05:33.651+0000] {dag.py:3111} INFO - Creating ORM DAG for data_quality_checks
[2026-09-26T18:05:33.653+0000] {logging_mixin.py:188} INFO - [2026-09-26T18:05:33.653+0000] {dag.py:3947} INFO - Setting next_dagrun for data_quality_checks to None, run_after=None
[2026-09-26T18:05:33.949+0000] {processor.py:183} INFO - Processing /opt/airflow/dags/data_quality_dag.py took 2.903 seconds
[2026-09-26T18:06:04.156+0000] {processor.py:161} INFO - Started process (PID=186) to work on /opt/airflow/dags/data_quality_dag.py
[2026-09-26T18:06:04.161+0000] {processor.py:830} INFO - Processing file /opt/airflow/dags/data_quality_dag.py for tasks to queue
[2026-09-26T18:06:04.163+0000] {logging_mixin.py:188} INFO - [2026-09-26T18:06:04.162+0000] {dagbag.py:545} INFO - Filling up the DagBag from /opt/airflow/dags/data_quality_dag.py
[2026-09-26T18:06:04.575+0000] {processor.py:840} INFO - DAG(s) 'data_quality_checks' retrieved from /opt/airflow/dags/data_quality_dag.py
[2026-09-26T18:06:04.607+0000] {logging_mixin.py:188} INFO - [2026-09-26T18:06:04.606+0000] {dag.py:3089} INFO - Sync 1 DAGs
[2026-09-26T18:06:04.619+0000] {logging_mixin.py:188} INFO - [2026-09-26T18:06:04.619+0000] {dag.py:3947} INFO - Setting next_dagrun for data_quality_checks to None, run_after=None
[2026-09-26T18:06:04.775+0000] {processor.py:183} INFO - Processing /opt/airflow/dags/data_quality_dag.py took 0.626 seconds
[2026-09-26T18:06:34.963+0000] {processor.py:161} INFO - Started process (PID=192) to work on /opt/airflow/dags/data_quality_dag.py
[2026-09-26T18:06:34.975+0000] {processor.py:830} INFO - Processing file /opt/airflow/dags/data_quality_dag.py for tasks to queue
[2026-09-26T18:06:34.978+0000] {logging_mixin.py:188} INFO - [2026-09-26T18:06:34.977+0000] {dagbag.py:545} INFO - Filling up the DagBag from /opt/airflow/dags/data_quality_dag.py
[2026-09-26T18:06:35.376+0000] {processor.py:840} INFO - DAG(s) 'data_quality_checks' retrieved from /opt/airflow/dags/data_quality_dag.py
[2026-09-26T18:06:35.412+0000] {logging_mixin.py:188} INFO - [2026-09-26T18:06:35.411+0000] {dag.py:3089} INFO - Sync 1 DAGs
[2026-09-26T18:06:35.426+0000] {logging_mixin.py:188} INFO - [2026-09-26T18:06:35.425+0000] {dag.py:3947} INFO - Setting next_dagrun for data_quality_checks to None, run_after=None
[2026-09-26T18:06:35.756+0000] {processor.py:183} INFO - Processing /opt/airflow/dags/data_quality_dag.py took 0.801 seconds
[2026-09-26T18:07:05.934+0000] {processor.py:161} INFO - Started process (PID=198) to work on /opt/airflow/dags/data_quality_dag.py
[2026-09-26T18:07:06.693+0000] {processor.py:830} INFO - Processing file /opt/airflow/dags/data_quality_dag.py for tasks to queue
[2026-09-26T18:07:06.695+0000] {logging_mixin.py:188} INFO - [2026-09-26T18:07:06.694+0000] {dagbag.py:545} INFO - Filling up the DagBag from /opt/airflow/dags/data_quality_dag.py
[2026-09-26T18:07:07.077+0000] {processor.py:840} INFO - DAG(s) 'data_quality_checks' retrieved from /opt/airflow/dags/data_quality_dag.py
[2026-09-26T18:07:07.112+0000] {logging_mixin.py:188} INFO - [2026-09-26T18:07:07.111+0000] {dag.py:3089} INFO - Sync 1 DAGs
[2026-09-26T18:07:07.125+0000] {logging_mixin.py:188} INFO - [2026-09-26T18:07:07.125+0000] {dag.py:3947} INFO - Setting next_dagrun for data_quality_checks to None, run_after=None
[2026-09-26T18:07:07.622+0000] {processor.py:183} INFO - Processing /opt/airflow/dags/data_quality_dag.py took 1.695 seconds
[2026-09-26T18:07:37.699+0000] {processor.py:161} INFO - Started process (PID=204) to work on /opt/airflow/dags/data_quality_dag.py
[2026-09-26T18:07:37.710+0000] {processor.py:830} INFO - Processing file /opt/airflow/dags/data_quality_dag.py for tasks to queue
[2026-09-26T18:07:37.712+0000] {logging_mixin.py:188} INFO - [2026-09-26T18:07:37.711+0000] {dagbag.py:545} INFO - Filling up the DagBag from /opt/airflow/dags/data_quality_dag.py
[2026-09-26T18:07:38.096+0000] {processor.py:840} INFO - DAG(s) 'data_quality_checks' retrieved from /opt/airflow/dags/data_quality_dag.py
[2026-09-26T18:07:38.127+0000] {logging_mixin.py:188} INFO - [2026-09-26T18:07:38.127+0000] {dag.py:3089} INFO - Sync 1 DAGs
[2026-09-26T18:07:38.140+0000] {logging_mixin.py:188} INFO - [2026-09-26T18:07:38.139+0000] {dag.py:3947} INFO - Setting next_dagrun for data_quality_checks to None, run_after=None
[2026-09-26T18:07:38.299+0000] {processor.py:183} INFO - Processing /opt/airflow/dags/data_quality_dag.py took 0.607 seconds
[2026-09-26T18:08:08.490+0000] {processor.py:161} INFO - Started process (PID=210) to work on /opt/airflow/dags/data_quality_dag.py
[2026-09-26T18:08:08.582+0000] {processor.py:830} INFO - Processing file /opt/airflow/dags/data_quality_dag.py for tasks to queue
[2026-09-26T18:08:08.584+0000] {logging_mixin.py:188} INFO - [2026-09-26T18:08:08.584+0000] {dagbag.py:545} INFO - Filling up the DagBag from /opt/airflow/dags/data_quality_dag.py
[2026-09-26T18:08:08.986+0000] {processor.py:840} INFO - DAG(s) 'data_quality_checks' retrieved from /opt/airflow/dags/data_quality_dag.py
[2026-09-26T18:08:09.021+0000] {logging_mixin.py:188} INFO - [2026-09-26T18:08:09.021+0000] {dag.py:3089} INFO - Sync 1 DAGs
[2026-09-26T18:08:09.036+0000] {logging_mixin.py:188} INFO - [2026-09-26T18:08:09.036+0000] {dag.py:3947} INFO - Setting next_dagrun for data_quality_checks to None, run_after=None
[2026-09-26T18:08:09.518+0000] {processor.py:183} INFO - Processing /opt/airflow/dags/data_quality_dag.py took 1.036 seconds
[2026-09-26T18:08:39.666+0000] {processor.py:161} INFO - Started process (PID=216) to work on /opt/airflow/dags/data_quality_dag.py
[2026-09-26T18:08:39.678+0000] {processor.py:830} INFO - Processing file /opt/airflow/dags/data_quality_dag.py for tasks to queue
[2026-09-26T18:08:39.681+0000] {logging_mixin.py:188} INFO - [2026-09-26T18:08:39.680+0000] {dagbag.py:545} INFO - Filling up the DagBag from /opt/airflow/dags/data_quality_dag.py
[2026-09-26T18:08:40.072+0000] {processor.py:840} INFO - DAG(s) 'data_quality_checks' retrieved from /opt/airflow/dags/data_quality_dag.py
[2026-09-26T18:08:40.107+0000] {logging_mixin.py:188} INFO - [2026-09-26T18:08:40.106+0000] {dag.py:3089} INFO - Sync 1 DAGs
[2026-09-26T18:08:40.121+0000] {logging_mixin.py:188} INFO - [2026-09-26T18:08:40.120+0000] {dag.py:3947} INFO - Setting next_dagrun for data_quality_checks to None, run_after=None
[2026-09-26T18:08:40.152+0000] {processor.py:183} INFO - Processing /opt/airflow/dags/data_quality_dag.py took 0.494 seconds
[2026-09-26T18:09:10.342+0000] {processor.py:161} INFO - Started process (PID=222) to work on /opt/airflow/dags/data_quality_dag.py
[2026-09-26T18:09:10.352+0000] {processor.py:830} INFO - Processing file /opt/airflow/dags/data_quality_dag.py for tasks to queue
[2026-09-26T18:09:10.354+0000] {logging_mixin.py:188} INFO - [2026-09-26T18:09:10.353+0000] {dagbag.py:545} INFO - Filling up the DagBag from /opt/airflow/dags/data_quality_dag.py
[2026-09-26T18:09:10.737+0000] {processor.py:840} INFO - DAG(s) 'data_quality_checks' retrieved from /opt/airflow/dags/data_quality_dag.py
[2026-09-26T18:09:10.768+0000] {logging_mixin.py:188} INFO - [2026-09-26T18:09:10.767+0000] {dag.py:3089} INFO - Sync 1 DAGs
[2026-09-26T18:09:10.780+0000] {logging_mixin.py:188} INFO - [2026-09-26T18:09:10.780+0000] {dag.py:3947} INFO - Setting next_dagrun for data_quality_checks to None, run_after=None
[2026-09-26T18:09:10.942+0000] {processor.py:183} INFO - Processing /opt/airflow/dags/data_quality_dag.py took 0.608 seconds
[2026-09-26T18:09:41.007+0000] {processor.py:161} INFO - Started process (PID=228) to work on /opt/airflow/dags/data_quality_dag.py
[2026-09-26T18:09:41.039+0000] {processor.py:830} INFO - Processing file /opt/airflow/dags/data_quality_dag.py for tasks to queue
[2026-09-26T18:09:41.040+0000] {logging_mixin.py:188} INFO - [2026-09-26T18:09:41.040+0000] {dagbag.py:545} INFO - Filling up the DagBag from /opt/airflow/dags/data_quality_dag.py
[2026-09-26T18:09:41.385+0000] {processor.py:840} INFO - DAG(s) 'data_quality_checks' retrieved from /opt/airflow/dags/data_quality_dag.py
[2026-09-26T18:09:41.417+0000] {logging_mixin.py:188} INFO - [2026-09-26T18:09:41.415+0000] {dag.py:3089} INFO - Sync 1 DAGs
[2026-09-26T18:09:41.429+0000] {logging_mixin.py:188} INFO - [2026-09-26T18:09:41.429+0000] {dag.py:3947} INFO - Setting next_dagrun for data_quality_checks to None, run_after=None
[2026-09-26T18:09:41.459+0000] {processor.py:183} INFO - Processing /opt/airflow/dags/data_quality_dag.py took 0.459 seconds
[2026-09-26T18:10:11.641+0000] {processor.py:161} INFO - Started process (PID=234) to work on /opt/airflow/dags/data_quality_dag.py
[2026-09-26T18:10:11.647+0000] {processor.py:830} INFO - Processing file /opt/airflow/dags/data_quality_dag.py for tasks to queue
[2026-09-26T18:10:11.649+0000] {logging_mixin.py:188} INFO - [2026-09-26T18:10:11.648+0000] {dagbag.py:545} INFO - Filling up the DagBag from /opt/airflow/dags/data_quality_dag.py
[2026-09-26T18:10:12.037+0000] {processor.py:840} INFO - DAG(s) 'data_quality_checks' retrieved from /opt/airflow/dags/data_quality_dag.py
[2026-09-26T18:10:12.075+0000] {logging_mixin.py:188} INFO - [2026-09-26T18:10:12.074+0000] {dag.py:3089} INFO - Sync 1 DAGs
[2026-09-26T18:10:12.089+0000] {logging_mixin.py:188} INFO - [2026-09-26T18:10:12.089+0000] {dag.py:3947} INFO - Setting next_dagrun for data_quality_checks to None, run_after=None
[2026-09-26T18:10:12.127+0000] {processor.py:183} INFO - Processing /opt/airflow/dags/data_quality_dag.py took 0.494 seconds
[2026-09-26T18:10:42.338+0000] {processor.py:161} INFO - Started process (PID=240) to work on /opt/airflow/dags/data_quality_dag.py
[2026-09-26T18:10:42.351+0000] {processor.py:830} INFO - Processing file /opt/airflow/dags/data_quality_dag.py for tasks to queue
[2026-09-26T18:10:42.354+0000] {logging_mixin.py:188} INFO - [2026-09-26T18:10:42.353+0000] {dagbag.py:545} INFO - Filling up the DagBag from /opt/airflow/dags/data_quality_dag.py
[2026-09-26T18:10:42.706+0000] {processor.py:840} INFO - DAG(s) 'data_quality_checks' retrieved from /opt/airflow/dags/data_quality_dag.py
[2026-09-26T18:10:42.736+0000] {logging_mixin.py:188} INFO - [2026-09-26T18:10:42.735+0000] {dag.py:3089} INFO - Sync 1 DAGs
[2026-09-26T18:10:42.748+0000] {logging_mixin.py:188} INFO - [2026-09-26T18:10:42.748+0000] {dag.py:3947} INFO - Setting next_dagrun for data_quality_checks to None, run_after=None
[2026-09-26T18:10:42.783+0000] {processor.py:183} INFO - Processing /opt/airflow/dags/data_quality_dag.py took 0.454 seconds
[2026-09-26T18:11:12.954+0000] {processor.py:161} INFO - Started process (PID=246) to work on /opt/airflow/dags/data_quality_dag.py
[2026-09-26T18:11:12.979+0000] {processor.py:830} INFO - Processing file /opt/airflow/dags/data_quality_dag.py for tasks to queue
[2026-09-26T18:11:12.981+0000] {logging_mixin.py:188} INFO - [2026-09-26T18:11:12.980+0000] {dagbag.py:545} INFO - Filling up the DagBag from /opt/airflow/dags/data_quality_dag.py
[2026-09-26T18:11:13.322+0000] {processor.py:840} INFO - DAG(s) 'data_quality_checks' retrieved from /opt/airflow/dags/data_quality_dag.py
[2026-09-26T18:11:13.351+0000] {logging_mixin.py:188} INFO - [2026-09-26T18:11:13.351+0000] {dag.py:3089} INFO - Sync 1 DAGs
[2026-09-26T18:11:13.363+0000] {logging_mixin.py:188} INFO - [2026-09-26T18:11:13.363+0000] {dag.py:3947} INFO - Setting next_dagrun for data_quality_checks to None, run_after=None
[2026-09-26T18:11:13.715+0000] {processor.py:183} INFO - Processing /opt/airflow/dags/data_quality_dag.py took 0.768 seconds
[2026-09-26T18:11:43.931+0000] {processor.py:161} INFO - Started process (PID=252) to work on /opt/airflow/dags/data_quality_dag.py
[2026-09-26T18:11:43.949+0000] {processor.py:830} INFO - Processing file /opt/airflow/dags/data_quality_dag.py for tasks to queue
[2026-09-26T18:11:43.952+0000] {logging_mixin.py:188} INFO - [2026-09-26T18:11:43.951+0000] {dagbag.py:545} INFO - Filling up the DagBag from /opt/airflow/dags/data_quality_dag.py
[2026-09-26T18:11:44.335+0000] {processor.py:840} INFO - DAG(s) 'data_quality_checks' retrieved from /opt/airflow/dags/data_quality_dag.py
[2026-09-26T18:11:44.365+0000] {logging_mixin.py:188} INFO - [2026-09-26T18:11:44.364+0000] {dag.py:3089} INFO - Sync 1 DAGs
[2026-09-26T18:11:44.377+0000] {logging_mixin.py:188} INFO - [2026-09-26T18:11:44.377+0000] {dag.py:3947} INFO - Setting next_dagrun for data_quality_checks to None, run_after=None
[2026-09-26T18:11:44.710+0000] {processor.py:183} INFO - Processing /opt/airflow/dags/data_quality_dag.py took 0.787 seconds
[2026-09-26T18:12:14.912+0000] {processor.py:161} INFO - Started process (PID=258) to work on /opt/airflow/dags/data_quality_dag.py
[2026-09-26T18:12:15.047+0000] {processor.py:830} INFO - Processing file /opt/airflow/dags/data_quality_dag.py for tasks to queue
[2026-09-26T18:12:15.050+0000] {logging_mixin.py:188} INFO - [2026-09-26T18:12:15.049+0000] {dagbag.py:545} INFO - Filling up the DagBag from /opt/airflow/dags/data_quality_dag.py
[2026-09-26T18:12:15.417+0000] {processor.py:840} INFO - DAG(s) 'data_quality_checks' retrieved from /opt/airflow/dags/data_quality_dag.py
[2026-09-26T18:12:15.447+0000] {logging_mixin.py:188} INFO - [2026-09-26T18:12:15.447+0000] {dag.py:3089} INFO - Sync 1 DAGs
[2026-09-26T18:12:15.461+0000] {logging_mixin.py:188} INFO - [2026-09-26T18:12:15.461+0000] {dag.py:3947} INFO - Setting next_dagrun for data_quality_checks to None, run_after=None
[2026-09-26T18:12:15.634+0000] {processor.py:183} INFO - Processing /opt/airflow/dags/data_quality_dag.py took 0.730 seconds
[2026-09-26T18:12:45.814+0000] {processor.py:161} INFO - Started process (PID=264) to work on /opt/airflow/dags/data_quality_dag.py
[2026-09-26T18:12:45.827+0000] {processor.py:830} INFO - Processing file /opt/airflow/dags/data_quality_dag.py for tasks to queue
[2026-09-26T18:12:45.829+0000] {logging_mixin.py:188} INFO - [2026-09-26T18:12:45.829+0000] {dagbag.py:545} INFO - Filling up the DagBag from /opt/airflow/dags/data_quality_dag.py
[2026-09-26T18:12:46.229+0000] {processor.py:840} INFO - DAG(s) 'data_quality_checks' retrieved from /opt/airflow/dags/data_quality_dag.py
[2026-09-26T18:12:46.262+0000] {logging_mixin.py:188} INFO - [2026-09-26T18:12:46.260+0000] {dag.py:3089} INFO - Sync 1 DAGs
[2026-09-26T18:12:46.274+0000] {logging_mixin.py:188} INFO - [2026-09-26T18:12:46.273+0000] {dag.py:3947} INFO - Setting next_dagrun for data_quality_checks to None, run_after=None
[2026-09-26T18:12:46.476+0000] {processor.py:183} INFO - Processing /opt/airflow/dags/data_quality_dag.py took 0.670 seconds
[2026-09-26T18:13:16.585+0000] {processor.py:161} INFO - Started process (PID=270) to work on /opt/airflow/dags/data_quality_dag.py
[2026-09-26T18:13:16.627+0000] {processor.py:830} INFO - Processing file /opt/airflow/dags/data_quality_dag.py for tasks to queue
[2026-09-26T18:13:16.630+0000] {logging_mixin.py:188} INFO - [2026-09-26T18:13:16.629+0000] {dagbag.py:545} INFO - Filling up the DagBag from /opt/airflow/dags/data_quality_dag.py
[2026-09-26T18:13:17.023+0000] {processor.py:840} INFO - DAG(s) 'data_quality_checks' retrieved from /opt/airflow/dags/data_quality_dag.py
[2026-09-26T18:13:17.059+0000] {logging_mixin.py:188} INFO - [2026-09-26T18:13:17.059+0000] {dag.py:3089} INFO - Sync 1 DAGs
[2026-09-26T18:13:17.074+0000] {logging_mixin.py:188} INFO - [2026-09-26T18:13:17.073+0000] {dag.py:3947} INFO - Setting next_dagrun for data_quality_checks to None, run_after=None
[2026-09-26T18:13:17.387+0000] {processor.py:183} INFO - Processing /opt/airflow/dags/data_quality_dag.py took 0.811 seconds
[2026-09-26T18:13:47.599+0000] {processor.py:161} INFO - Started process (PID=276) to work on /opt/airflow/dags/data_quality_dag.py
[2026-09-26T18:13:47.688+0000] {processor.py:830} INFO - Processing file /opt/airflow/dags/data_quality_dag.py for tasks to queue
[2026-09-26T18:13:47.691+0000] {logging_mixin.py:188} INFO - [2026-09-26T18:13:47.691+0000] {dagbag.py:545} INFO - Filling up the DagBag from /opt/airflow/dags/data_quality_dag.py
[2026-09-26T18:13:48.069+0000] {processor.py:840} INFO - DAG(s) 'data_quality_checks' retrieved from /opt/airflow/dags/data_quality_dag.py
[2026-09-26T18:13:48.169+0000] {logging_mixin.py:188} INFO - [2026-09-26T18:13:48.168+0000] {dag.py:3089} INFO - Sync 1 DAGs
[2026-09-26T18:13:48.183+0000] {logging_mixin.py:188} INFO - [2026-09-26T18:13:48.183+0000] {dag.py:3947} INFO - Setting next_dagrun for data_quality_checks to None, run_after=None
[2026-09-26T18:13:48.780+0000] {processor.py:183} INFO - Processing /opt/airflow/dags/data_quality_dag.py took 1.190 seconds
[2026-09-26T18:14:18.958+0000] {processor.py:161} INFO - Started process (PID=282) to work on /opt/airflow/dags/data_quality_dag.py
[2026-09-26T18:14:18.969+0000] {processor.py:830} INFO - Processing file /opt/airflow/dags/data_quality_dag.py for tasks to queue
[2026-09-26T18:14:18.971+0000] {logging_mixin.py:188} INFO - [2026-09-26T18:14:18.971+0000] {dagbag.py:545} INFO - Filling up the DagBag from /opt/airflow/dags/data_quality_dag.py
[2026-09-26T18:14:19.353+0000] {processor.py:840} INFO - DAG(s) 'data_quality_checks' retrieved from /opt/airflow/dags/data_quality_dag.py
[2026-09-26T18:14:19.383+0000] {logging_mixin.py:188} INFO - [2026-09-26T18:14:19.382+0000] {dag.py:3089} INFO - Sync 1 DAGs
[2026-09-26T18:14:19.394+0000] {logging_mixin.py:188} INFO - [2026-09-26T18:14:19.393+0000] {dag.py:3947} INFO - Setting next_dagrun for data_quality_checks to None, run_after=None
[2026-09-26T18:14:19.542+0000] {processor.py:183} INFO - Processing /opt/airflow/dags/data_quality_dag.py took 0.593 seconds
[2026-09-26T18:14:49.742+0000] {processor.py:161} INFO - Started process (PID=288) to work on /opt/airflow/dags/data_quality_dag.py
[2026-09-26T18:14:49.754+0000] {processor.py:830} INFO - Processing file /opt/airflow/dags/data_quality_dag.py for tasks to queue
[2026-09-26T18:14:49.756+0000] {logging_mixin.py:188} INFO - [2026-09-26T18:14:49.755+0000] {dagbag.py:545} INFO - Filling up the DagBag from /opt/airflow/dags/data_quality_dag.py
[2026-09-26T18:14:50.134+0000] {processor.py:840} INFO - DAG(s) 'data_quality_checks' retrieved from /opt/airflow/dags/data_quality_dag.py
[2026-09-26T18:14:50.163+0000] {logging_mixin.py:188} INFO - [2026-09-26T18:14:50.163+0000] {dag.py:3089} INFO - Sync 1 DAGs
[2026-09-26T18:14:50.175+0000] {logging_mixin.py:188} INFO - [2026-09-26T18:14:50.174+0000] {dag.py:3947} INFO - Setting next_dagrun for data_quality_checks to None, run_after=None
[2026-09-26T18:14:50.212+0000] {processor.py:183} INFO - Processing /opt/airflow/dags/data_quality_dag.py took 0.479 seconds
[2026-09-26T18:15:20.290+0000] {processor.py:161} INFO - Started process (PID=294) to work on /opt/airflow/dags/data_quality_dag.py
[2026-09-26T18:15:20.316+0000] {processor.py:830} INFO - Processing file /opt/airflow/dags/data_quality_dag.py for tasks to queue
[2026-09-26T18:15:20.318+0000] {logging_mixin.py:188} INFO - [2026-09-26T18:15:20.318+0000] {dagbag.py:545} INFO - Filling up the DagBag from /opt/airflow/dags/data_quality_dag.py
[2026-09-26T18:15:20.685+0000] {processor.py:840} INFO - DAG(s) 'data_quality_checks' retrieved from /opt/airflow/dags/data_quality_dag.py
[2026-09-26T18:15:20.716+0000] {logging_mixin.py:188} INFO - [2026-09-26T18:15:20.716+0000] {dag.py:3089} INFO - Sync 1 DAGs
[2026-09-26T18:15:20.729+0000] {logging_mixin.py:188} INFO - [2026-09-26T18:15:20.729+0000] {dag.py:3947} INFO - Setting next_dagrun for data_quality_checks to None, run_after=None
[2026-09-26T18:15:20.994+0000] {processor.py:183} INFO - Processing /opt/airflow/dags/data_quality_dag.py took 0.712 seconds
[2026-09-26T18:15:51.197+0000] {processor.py:161} INFO - Started process (PID=300) to work on /opt/airflow/dags/data_quality_dag.py
[2026-09-26T18:15:51.209+0000] {processor.py:830} INFO - Processing file /opt/airflow/dags/data_quality_dag.py for tasks to queue
[2026-09-26T18:15:51.211+0000] {logging_mixin.py:188} INFO - [2026-09-26T18:15:51.210+0000] {dagbag.py:545} INFO - Filling up the DagBag from /opt/airflow/dags/data_quality_dag.py
[2026-09-26T18:15:51.552+0000] {processor.py:840} INFO - DAG(s) 'data_quality_checks' retrieved from /opt/airflow/dags/data_quality_dag.py
[2026-09-26T18:15:51.583+0000] {logging_mixin.py:188} INFO - [2026-09-26T18:15:51.583+0000] {dag.py:3089} INFO - Sync 1 DAGs
[2026-09-26T18:15:51.595+0000] {logging_mixin.py:188} INFO - [2026-09-26T18:15:51.595+0000] {dag.py:3947} INFO - Setting next_dagrun for data_quality_checks to None, run_after=None
[2026-09-26T18:15:51.622+0000] {processor.py:183} INFO - Processing /opt/airflow/dags/data_quality_dag.py took 0.434 seconds
[2026-09-26T18:16:21.715+0000] {processor.py:161} INFO - Started process (PID=306) to work on /opt/airflow/dags/data_quality_dag.py
[2026-09-26T18:16:21.851+0000] {processor.py:830} INFO - Processing file /opt/airflow/dags/data_quality_dag.py for tasks to queue
[2026-09-26T18:16:21.853+0000] {logging_mixin.py:188} INFO - [2026-09-26T18:16:21.853+0000] {dagbag.py:545} INFO - Filling up the DagBag from /opt/airflow/dags/data_quality_dag.py
[2026-09-26T18:16:22.235+0000] {processor.py:840} INFO - DAG(s) 'data_quality_checks' retrieved from /opt/airflow/dags/data_quality_dag.py
[2026-09-26T18:16:22.272+0000] {logging_mixin.py:188} INFO - [2026-09-26T18:16:22.271+0000] {dag.py:3089} INFO - Sync 1 DAGs
[2026-09-26T18:16:22.285+0000] {logging_mixin.py:188} INFO - [2026-09-26T18:16:22.285+0000] {dag.py:3947} INFO - Setting next_dagrun for data_quality_checks to None, run_after=None
[2026-09-26T18:16:22.315+0000] {processor.py:183} INFO - Processing /opt/airflow/dags/data_quality_dag.py took 0.607 seconds
[2026-09-26T18:16:52.507+0000] {processor.py:161} INFO - Started process (PID=312) to work on /opt/airflow/dags/data_quality_dag.py
[2026-09-26T18:16:52.532+0000] {processor.py:830} INFO - Processing file /opt/airflow/dags/data_quality_dag.py for tasks to queue
[2026-09-26T18:16:52.534+0000] {logging_mixin.py:188} INFO - [2026-09-26T18:16:52.534+0000] {dagbag.py:545} INFO - Filling up the DagBag from /opt/airflow/dags/data_quality_dag.py
[2026-09-26T18:16:52.925+0000] {processor.py:840} INFO - DAG(s) 'data_quality_checks' retrieved from /opt/airflow/dags/data_quality_dag.py
[2026-09-26T18:16:52.956+0000] {logging_mixin.py:188} INFO - [2026-09-26T18:16:52.956+0000] {dag.py:3089} INFO - Sync 1 DAGs
[2026-09-26T18:16:52.968+0000] {logging_mixin.py:188} INFO - [2026-09-26T18:16:52.968+0000] {dag.py:3947} INFO - Setting next_dagrun for data_quality_checks to None, run_after=None
[2026-09-26T18:16:53.998+0000] {processor.py:183} INFO - Processing /opt/airflow/dags/data_quality_dag.py took 1.500 seconds
[2026-09-26T18:17:24.098+0000] {processor.py:161} INFO - Started process (PID=321) to work on /opt/airflow/dags/data_quality_dag.py
[2026-09-26T18:17:24.109+0000] {processor.py:830} INFO - Processing file /opt/airflow/dags/data_quality_dag.py for tasks to queue
[2026-09-26T18:17:24.111+0000] {logging_mixin.py:188} INFO - [2026-09-26T18:17:24.111+0000] {dagbag.py:545} INFO - Filling up the DagBag from /opt/airflow/dags/data_quality_dag.py
[2026-09-26T18:17:24.476+0000] {processor.py:840} INFO - DAG(s) 'data_quality_checks' retrieved from /opt/airflow/dags/data_quality_dag.py
[2026-09-26T18:17:24.505+0000] {logging_mixin.py:188} INFO - [2026-09-26T18:17:24.505+0000] {dag.py:3089} INFO - Sync 1 DAGs
[2026-09-26T18:17:24.517+0000] {logging_mixin.py:188} INFO - [2026-09-26T18:17:24.516+0000] {dag.py:3947} INFO - Setting next_dagrun for data_quality_checks to None, run_after=None
[2026-09-26T18:17:24.542+0000] {processor.py:183} INFO - Processing /opt/airflow/dags/data_quality_dag.py took 0.452 seconds
[2026-09-26T18:17:54.729+0000] {processor.py:161} INFO - Started process (PID=327) to work on /opt/airflow/dags/data_quality_dag.py
[2026-09-26T18:17:54.733+0000] {processor.py:830} INFO - Processing file /opt/airflow/dags/data_quality_dag.py for tasks to queue
[2026-09-26T18:17:54.735+0000] {logging_mixin.py:188} INFO - [2026-09-26T18:17:54.734+0000] {dagbag.py:545} INFO - Filling up the DagBag from /opt/airflow/dags/data_quality_dag.py
[2026-09-26T18:17:55.107+0000] {processor.py:840} INFO - DAG(s) 'data_quality_checks' retrieved from /opt/airflow/dags/data_quality_dag.py
[2026-09-26T18:17:55.136+0000] {logging_mixin.py:188} INFO - [2026-09-26T18:17:55.136+0000] {dag.py:3089} INFO - Sync 1 DAGs
[2026-09-26T18:17:55.147+0000] {logging_mixin.py:188} INFO - [2026-09-26T18:17:55.147+0000] {dag.py:3947} INFO - Setting next_dagrun for data_quality_checks to None, run_after=None
[2026-09-26T18:17:56.241+0000] {processor.py:183} INFO - Processing /opt/airflow/dags/data_quality_dag.py took 1.520 seconds
[2026-09-26T18:18:26.437+0000] {processor.py:161} INFO - Started process (PID=333) to work on /opt/airflow/dags/data_quality_dag.py
[2026-09-26T18:18:26.445+0000] {processor.py:830} INFO - Processing file /opt/airflow/dags/data_quality_dag.py for tasks to queue
[2026-09-26T18:18:26.447+0000] {logging_mixin.py:188} INFO - [2026-09-26T18:18:26.446+0000] {dagbag.py:545} INFO - Filling up the DagBag from /opt/airflow/dags/data_quality_dag.py
[2026-09-26T18:18:26.834+0000] {processor.py:840} INFO - DAG(s) 'data_quality_checks' retrieved from /opt/airflow/dags/data_quality_dag.py
[2026-09-26T18:18:26.869+0000] {logging_mixin.py:188} INFO - [2026-09-26T18:18:26.868+0000] {dag.py:3089} INFO - Sync 1 DAGs
[2026-09-26T18:18:26.884+0000] {logging_mixin.py:188} INFO - [2026-09-26T18:18:26.884+0000] {dag.py:3947} INFO - Setting next_dagrun for data_quality_checks to None, run_after=None
[2026-09-26T18:18:26.924+0000] {processor.py:183} INFO - Processing /opt/airflow/dags/data_quality_dag.py took 0.495 seconds
[2026-09-26T18:18:57.060+0000] {processor.py:161} INFO - Started process (PID=339) to work on /opt/airflow/dags/data_quality_dag.py
[2026-09-26T18:18:57.087+0000] {processor.py:830} INFO - Processing file /opt/airflow/dags/data_quality_dag.py for tasks to queue
[2026-09-26T18:18:57.089+0000] {logging_mixin.py:188} INFO - [2026-09-26T18:18:57.089+0000] {dagbag.py:545} INFO - Filling up the DagBag from /opt/airflow/dags/data_quality_dag.py
[2026-09-26T18:18:57.459+0000] {processor.py:840} INFO - DAG(s) 'data_quality_checks' retrieved from /opt/airflow/dags/data_quality_dag.py
[2026-09-26T18:18:57.493+0000] {logging_mixin.py:188} INFO - [2026-09-26T18:18:57.493+0000] {dag.py:3089} INFO - Sync 1 DAGs
[2026-09-26T18:18:57.506+0000] {logging_mixin.py:188} INFO - [2026-09-26T18:18:57.506+0000] {dag.py:3947} INFO - Setting next_dagrun for data_quality_checks to None, run_after=None
[2026-09-26T18:18:57.546+0000] {processor.py:183} INFO - Processing /opt/airflow/dags/data_quality_dag.py took 0.493 seconds
[2026-09-26T18:19:27.725+0000] {processor.py:161} INFO - Started process (PID=345) to work on /opt/airflow/dags/data_quality_dag.py
[2026-09-26T18:19:27.738+0000] {processor.py:830} INFO - Processing file /opt/airflow/dags/data_quality_dag.py for tasks to queue
[2026-09-26T18:19:27.741+0000] {logging_mixin.py:188} INFO - [2026-09-26T18:19:27.740+0000] {dagbag.py:545} INFO - Filling up the DagBag from /opt/airflow/dags/data_quality_dag.py
[2026-09-26T18:19:28.134+0000] {processor.py:840} INFO - DAG(s) 'data_quality_checks' retrieved from /opt/airflow/dags/data_quality_dag.py
[2026-09-26T18:19:28.172+0000] {logging_mixin.py:188} INFO - [2026-09-26T18:19:28.171+0000] {dag.py:3089} INFO - Sync 1 DAGs
[2026-09-26T18:19:28.187+0000] {logging_mixin.py:188} INFO - [2026-09-26T18:19:28.187+0000] {dag.py:3947} INFO - Setting next_dagrun for data_quality_checks to None, run_after=None
[2026-09-26T18:19:28.220+0000] {processor.py:183} INFO - Processing /opt/airflow/dags/data_quality_dag.py took 0.504 seconds
[2026-09-26T18:19:58.390+0000] {processor.py:161} INFO - Started process (PID=351) to work on /opt/airflow/dags/data_quality_dag.py
[2026-09-26T18:19:58.401+0000] {processor.py:830} INFO - Processing file /opt/airflow/dags/data_quality_dag.py for tasks to queue
[2026-09-26T18:19:58.403+0000] {logging_mixin.py:188} INFO - [2026-09-26T18:19:58.403+0000] {dagbag.py:545} INFO - Filling up the DagBag from /opt/airflow/dags/data_quality_dag.py
[2026-09-26T18:19:58.767+0000] {processor.py:840} INFO - DAG(s) 'data_quality_checks' retrieved from /opt/airflow/dags/data_quality_dag.py
[2026-09-26T18:19:58.797+0000] {logging_mixin.py:188} INFO - [2026-09-26T18:19:58.797+0000] {dag.py:3089} INFO - Sync 1 DAGs
[2026-09-26T18:19:58.809+0000] {logging_mixin.py:188} INFO - [2026-09-26T18:19:58.809+0000] {dag.py:3947} INFO - Setting next_dagrun for data_quality_checks to None, run_after=None
[2026-09-26T18:19:58.844+0000] {processor.py:183} INFO - Processing /opt/airflow/dags/data_quality_dag.py took 0.461 seconds
[2026-09-26T18:20:29.028+0000] {processor.py:161} INFO - Started process (PID=357) to work on /opt/airflow/dags/data_quality_dag.py
[2026-09-26T18:20:29.055+0000] {processor.py:830} INFO - Processing file /opt/airflow/dags/data_quality_dag.py for tasks to queue
[2026-09-26T18:20:29.058+0000] {logging_mixin.py:188} INFO - [2026-09-26T18:20:29.058+0000] {dagbag.py:545} INFO - Filling up the DagBag from /opt/airflow/dags/data_quality_dag.py
[2026-09-26T18:20:29.451+0000] {processor.py:840} INFO - DAG(s) 'data_quality_checks' retrieved from /opt/airflow/dags/data_quality_dag.py
[2026-09-26T18:20:29.483+0000] {logging_mixin.py:188} INFO - [2026-09-26T18:20:29.483+0000] {dag.py:3089} INFO - Sync 1 DAGs
[2026-09-26T18:20:29.495+0000] {logging_mixin.py:188} INFO - [2026-09-26T18:20:29.495+0000] {dag.py:3947} INFO - Setting next_dagrun for data_quality_checks to None, run_after=None
[2026-09-26T18:20:30.070+0000] {processor.py:183} INFO - Processing /opt/airflow/dags/data_quality_dag.py took 1.050 seconds
[2026-09-26T18:21:00.220+0000] {processor.py:161} INFO - Started process (PID=363) to work on /opt/airflow/dags/data_quality_dag.py
[2026-09-26T18:21:00.231+0000] {processor.py:830} INFO - Processing file /opt/airflow/dags/data_quality_dag.py for tasks to queue
[2026-09-26T18:21:00.233+0000] {logging_mixin.py:188} INFO - [2026-09-26T18:21:00.232+0000] {dagbag.py:545} INFO - Filling up the DagBag from /opt/airflow/dags/data_quality_dag.py
[2026-09-26T18:21:00.592+0000] {processor.py:840} INFO - DAG(s) 'data_quality_checks' retrieved from /opt/airflow/dags/data_quality_dag.py
[2026-09-26T18:21:00.624+0000] {logging_mixin.py:188} INFO - [2026-09-26T18:21:00.623+0000] {dag.py:3089} INFO - Sync 1 DAGs
[2026-09-26T18:21:00.636+0000] {logging_mixin.py:188} INFO - [2026-09-26T18:21:00.636+0000] {dag.py:3947} INFO - Setting next_dagrun for data_quality_checks to None, run_after=None
[2026-09-26T18:21:00.881+0000] {processor.py:183} INFO - Processing /opt/airflow/dags/data_quality_dag.py took 0.668 seconds
[2026-09-26T18:21:31.079+0000] {processor.py:161} INFO - Started process (PID=369) to work on /opt/airflow/dags/data_quality_dag.py
[2026-09-26T18:21:31.089+0000] {processor.py:830} INFO - Processing file /opt/airflow/dags/data_quality_dag.py for tasks to queue
[2026-09-26T18:21:31.091+0000] {logging_mixin.py:188} INFO - [2026-09-26T18:21:31.091+0000] {dagbag.py:545} INFO - Filling up the DagBag from /opt/airflow/dags/data_quality_dag.py
[2026-09-26T18:21:31.491+0000] {processor.py:840} INFO - DAG(s) 'data_quality_checks' retrieved from /opt/airflow/dags/data_quality_dag.py
[2026-09-26T18:21:31.508+0000] {logging_mixin.py:188} INFO - [2026-09-26T18:21:31.508+0000] {dag.py:3089} INFO - Sync 1 DAGs
[2026-09-26T18:21:31.520+0000] {logging_mixin.py:188} INFO - [2026-09-26T18:21:31.520+0000] {dag.py:3947} INFO - Setting next_dagrun for data_quality_checks to None, run_after=None
[2026-09-26T18:21:31.556+0000] {processor.py:183} INFO - Processing /opt/airflow/dags/data_quality_dag.py took 0.486 seconds
[2026-09-26T18:22:01.728+0000] {processor.py:161} INFO - Started process (PID=375) to work on /opt/airflow/dags/data_quality_dag.py
[2026-09-26T18:22:01.742+0000] {processor.py:830} INFO - Processing file /opt/airflow/dags/data_quality_dag.py for tasks to queue
[2026-09-26T18:22:01.744+0000] {logging_mixin.py:188} INFO - [2026-09-26T18:22:01.744+0000] {dagbag.py:545} INFO - Filling up the DagBag from /opt/airflow/dags/data_quality_dag.py
[2026-09-26T18:22:02.106+0000] {processor.py:840} INFO - DAG(s) 'data_quality_checks' retrieved from /opt/airflow/dags/data_quality_dag.py
[2026-09-26T18:22:02.390+0000] {logging_mixin.py:188} INFO - [2026-09-26T18:22:02.390+0000] {dag.py:3089} INFO - Sync 1 DAGs
[2026-09-26T18:22:02.401+0000] {logging_mixin.py:188} INFO - [2026-09-26T18:22:02.401+0000] {dag.py:3947} INFO - Setting next_dagrun for data_quality_checks to None, run_after=None
[2026-09-26T18:22:02.429+0000] {processor.py:183} INFO - Processing /opt/airflow/dags/data_quality_dag.py took 0.709 seconds
[2026-09-26T18:22:32.633+0000] {processor.py:161} INFO - Started process (PID=384) to work on /opt/airflow/dags/data_quality_dag.py
[2026-09-26T18:22:32.645+0000] {processor.py:830} INFO - Processing file /opt/airflow/dags/data_quality_dag.py for tasks to queue
[2026-09-26T18:22:32.647+0000] {logging_mixin.py:188} INFO - [2026-09-26T18:22:32.647+0000] {dagbag.py:545} INFO - Filling up the DagBag from /opt/airflow/dags/data_quality_dag.py
[2026-09-26T18:22:33.018+0000] {processor.py:840} INFO - DAG(s) 'data_quality_checks' retrieved from /opt/airflow/dags/data_quality_dag.py
[2026-09-26T18:22:33.049+0000] {logging_mixin.py:188} INFO - [2026-09-26T18:22:33.048+0000] {dag.py:3089} INFO - Sync 1 DAGs
[2026-09-26T18:22:33.060+0000] {logging_mixin.py:188} INFO - [2026-09-26T18:22:33.060+0000] {dag.py:3947} INFO - Setting next_dagrun for data_quality_checks to None, run_after=None
[2026-09-26T18:22:33.097+0000] {processor.py:183} INFO - Processing /opt/airflow/dags/data_quality_dag.py took 0.472 seconds
[2026-09-26T18:23:03.281+0000] {processor.py:161} INFO - Started process (PID=390) to work on /opt/airflow/dags/data_quality_dag.py
[2026-09-26T18:23:03.285+0000] {processor.py:830} INFO - Processing file /opt/airflow/dags/data_quality_dag.py for tasks to queue
[2026-09-26T18:23:03.287+0000] {logging_mixin.py:188} INFO - [2026-09-26T18:23:03.286+0000] {dagbag.py:545} INFO - Filling up the DagBag from /opt/airflow/dags/data_quality_dag.py
[2026-09-26T18:23:03.643+0000] {processor.py:840} INFO - DAG(s) 'data_quality_checks' retrieved from /opt/airflow/dags/data_quality_dag.py
[2026-09-26T18:23:03.673+0000] {logging_mixin.py:188} INFO - [2026-09-26T18:23:03.672+0000] {dag.py:3089} INFO - Sync 1 DAGs
[2026-09-26T18:23:03.685+0000] {logging_mixin.py:188} INFO - [2026-09-26T18:23:03.684+0000] {dag.py:3947} INFO - Setting next_dagrun for data_quality_checks to None, run_after=None
[2026-09-26T18:23:03.717+0000] {processor.py:183} INFO - Processing /opt/airflow/dags/data_quality_dag.py took 0.445 seconds
[2026-09-26T18:23:33.910+0000] {processor.py:161} INFO - Started process (PID=396) to work on /opt/airflow/dags/data_quality_dag.py
[2026-09-26T18:23:33.925+0000] {processor.py:830} INFO - Processing file /opt/airflow/dags/data_quality_dag.py for tasks to queue
[2026-09-26T18:23:33.928+0000] {logging_mixin.py:188} INFO - [2026-09-26T18:23:33.927+0000] {dagbag.py:545} INFO - Filling up the DagBag from /opt/airflow/dags/data_quality_dag.py
[2026-09-26T18:23:34.280+0000] {processor.py:840} INFO - DAG(s) 'data_quality_checks' retrieved from /opt/airflow/dags/data_quality_dag.py
[2026-09-26T18:23:34.309+0000] {logging_mixin.py:188} INFO - [2026-09-26T18:23:34.308+0000] {dag.py:3089} INFO - Sync 1 DAGs
[2026-09-26T18:23:34.320+0000] {logging_mixin.py:188} INFO - [2026-09-26T18:23:34.320+0000] {dag.py:3947} INFO - Setting next_dagrun for data_quality_checks to None, run_after=None
[2026-09-26T18:23:34.356+0000] {processor.py:183} INFO - Processing /opt/airflow/dags/data_quality_dag.py took 0.455 seconds
